// Vitest Snapshot v1

exports[`escape hatch 1`] = `
"<PluginTabs :tabLabels=\\"[&quot;npm&quot;,&quot;yarn&quot;,&quot;pnpm&quot;]\\" sharedStateKey=\\"~npm-commands\\"><template #npm><pre><code class=\\"language-{----npm-disable}\\">npm i
</code></pre>
</template><template #yarn><pre><code class=\\"language-{----npm-disable}\\">yarn install
</code></pre>
</template><template #pnpm><pre><code class=\\"language-{----npm-disable}\\">pnpm install
</code></pre>
</template></PluginTabs>"
`;

exports[`render auto correctly 1`] = `
"<PluginTabs :tabLabels=\\"[&quot;npm&quot;,&quot;yarn&quot;,&quot;pnpm&quot;]\\" sharedStateKey=\\"~npm-commands\\"><template #npm><pre><code>npm i
</code></pre>
</template><template #yarn><pre><code>yarn install
</code></pre>
</template><template #pnpm><pre><code>pnpm install
</code></pre>
</template></PluginTabs>"
`;

exports[`render manual correctly 1`] = `
"<PluginTabs :tabLabels=\\"[&quot;npm&quot;,&quot;yarn&quot;,&quot;pnpm&quot;]\\" sharedStateKey=\\"~npm-commands\\"><template #npm><pre><code>npm i vite 
</code></pre>
</template><template #yarn><pre><code>yarn add vite 
</code></pre>
</template><template #pnpm><pre><code>pnpm add vite 
</code></pre>
</template></PluginTabs>"
`;
